[omnipartners.co.nz/index.html]
[backblue.gif]
[fade.gif]
[index.html]
[omnipartners.co.nz/assets/favicon/apple-touch-icon.png]
[omnipartners.co.nz/assets/favicon/favicon-32x32.png]
[omnipartners.co.nz/assets/favicon/favicon-16x16.png]
[omnipartners.co.nz/assets/favicon/safari-pinned-tab.svg]
[omnipartners.co.nz/assets/favicon/favicon.ico]
[omnipartners.co.nz/assets/css/style.66a27f47cf1b8f8d21a778a7c64d6d9c.css]
[omnipartners.co.nz/services/site-finding.html]
[omnipartners.co.nz/our-partners.html]
[omnipartners.co.nz/contact.html]
[omnipartners.co.nz/established-developers.html]
[omnipartners.co.nz/emerging-developers.html]
[omnipartners.co.nz/expertise/townhouses.html]
[omnipartners.co.nz/expertise/apartments.html]
[omnipartners.co.nz/expertise/subdividing.html]
[omnipartners.co.nz/expertise/commercial-retail.html]
[omnipartners.co.nz/expertise/industrial.html]
[omni-development-partners.imgix.net/media/pages/home/ad531791da-1760435448/placeholder-home-01b03a.jpg]
[omni-development-partners.imgix.net/media/pages/home/f8b3672f25-1760435448/placeholder-home-02b03a.jpg]
[omni-development-partners.imgix.net/media/pages/home/a8881798b3-1760435448/placeholder-home-03b03a.jpg]
[omni-development-partners.imgix.net/assets/images/homea8ab.png]
[omnipartners.co.nz/services/feasibility.html]
[omnipartners.co.nz/services/design.html]
[omnipartners.co.nz/services/construction.html]
[omni-development-partners.imgix.net/media/pages/home/97aa529793-1760435448/placeholder-home-05b03a.jpg]
[omni-development-partners.imgix.net/media/pages/home/3d9a5cbe1f-1760435448/placeholder-home-06b03a.jpg]
[omni-development-partners.imgix.net/media/pages/home/c7ee027264-1760435448/placeholder-home-07b03a.jpg]
[omnipartners.co.nz/privacy-policy.html]
[omnipartners.co.nz/terms-and-conditions.html]
[www.google.com/recaptcha/api4ba0.js]
[omnipartners.co.nz/index.html]
[omnipartners.co.nz/assets/favicon/site.html]
[omnipartners.co.nz/assets/favicon/safari-pinned-tab.svg]
[omnipartners.co.nz/assets/js/app.37d25cba10c1488ad2d492b5b1521520.js]
[omnipartners.co.nz/assets/fonts/MessinaSansWeb-Regular.woff2]
[omnipartners.co.nz/assets/fonts/MessinaSansWeb-Regular.woff]
[omnipartners.co.nz/assets/fonts/MessinaSansWeb-RegularItalic.woff2]
[omnipartners.co.nz/assets/fonts/MessinaSansWeb-RegularItalic.woff]
[omnipartners.co.nz/assets/css/style.66a27f47cf1b8f8d21a778a7c64d6d9c.css]
[omni-development-partners.imgix.net/assets/images/servicesa8ab.png]
[omni-development-partners.imgix.net/media/pages/services/site-finding/1e671ee984-1760435448/omni-panmure-0062b03a.jpg]
[omni-development-partners.imgix.net/media/pages/services/site-finding/63c76ea5de-1760435448/placeholder-services-03b03a.jpg]
[omnipartners.co.nz/services/site-finding.html]
[omni-development-partners.imgix.net/media/pages/our-partners/288fecd015-1760435448/placeholder-partners-01b03a.jpg]
[omnipartners.co.nz/our-partners.html]
[omni-development-partners.imgix.net/media/pages/contact/8d9e619a09-1760435448/placeholder-contact-01b03a.jpg]
[omnipartners.co.nz/contact.html]
[omni-development-partners.imgix.net/assets/images/establisheda8ab.png]
[omni-development-partners.imgix.net/media/pages/established-developers/15551586ce-1760435448/placeholder-established-02b03a.jpg]
[omnipartners.co.nz/established-developers.html]
[omni-development-partners.imgix.net/assets/images/emerginga8ab.png]
[omni-development-partners.imgix.net/media/pages/emerging-developers/e23f64e6bd-1760435448/placeholder-home-05b03a.jpg]
[omni-development-partners.imgix.net/media/pages/emerging-developers/f8beff80de-1760435448/placeholder-home-06b03a.jpg]
[omni-development-partners.imgix.net/media/pages/emerging-developers/2bcbf108c3-1760435448/placeholder-home-07b03a.jpg]
[omnipartners.co.nz/emerging-developers.html]
[omni-development-partners.imgix.net/media/pages/expertise/townhouses/2ef8c1c028-1760435448/placeholder-developments-townhouses-01b03a.jpg]
[omnipartners.co.nz/expertise/townhouses.html]
[omni-development-partners.imgix.net/media/pages/expertise/apartments/eebf1fd70f-1760435448/placeholder-developments-townhouses-01b03a.jpg]
[omnipartners.co.nz/expertise/apartments.html]
[omni-development-partners.imgix.net/media/pages/expertise/subdividing/da5f1e9046-1760435448/placeholder-developments-townhouses-01b03a.jpg]
[omnipartners.co.nz/expertise/subdividing.html]
[omni-development-partners.imgix.net/media/pages/expertise/commercial-retail/73d2c68f63-1760435448/placeholder-developments-townhouses-01b03a.jpg]
[omnipartners.co.nz/expertise/commercial-retail.html]
[omni-development-partners.imgix.net/media/pages/expertise/industrial/4fdc706236-1760435448/placeholder-developments-townhouses-01b03a.jpg]
[omnipartners.co.nz/expertise/industrial.html]
[omni-development-partners.imgix.net/media/pages/services/feasibility/a21de964d1-1760435448/omni-7961b03a.jpg]
[omni-development-partners.imgix.net/media/pages/services/feasibility/002bb5705a-1760435448/placeholder-services-03b03a.jpg]
[omnipartners.co.nz/services/feasibility.html]
[omni-development-partners.imgix.net/media/pages/services/design/b8cc464a3f-1760435448/omni-8046-2b03a.jpg]
[omni-development-partners.imgix.net/media/pages/services/design/76179078f9-1760435448/placeholder-services-03b03a.jpg]
[omnipartners.co.nz/services/design.html]
[omni-development-partners.imgix.net/media/pages/services/construction/f9e7add3a6-1760435448/omni-panmure-8780b03a.jpg]
[omni-development-partners.imgix.net/media/pages/services/construction/80b1ab4eef-1760435448/placeholder-services-03b03a.jpg]
[omnipartners.co.nz/services/construction.html]
[omnipartners.co.nz/privacy-policy.html]
[omnipartners.co.nz/terms-and-conditions.html]
